instReprTree_1
instReprListTree_1
instDecidableEqTree_1
instDecidableEqListTree_1
instBEqTree_1
instBEqListTree_1
instHashableTree_1
instHashableListTree_1
instOrdTree_1
instOrdListTree_1
